###############################################################################
#
# IAR ELF Linker V9.10.2.313/W64 for ARM                  25/Aug/2021  21:57:20
# Copyright 2007-2021 IAR Systems AB.
#
#    Output file  =
#        C:\Users\1\Desktop\2021.1\Sistemas
#        Microcontrolados\TM4C1294_SM_IAR9\Projects\Projeto\Debug\Exe\Projeto.out
#    Map file     =
#        C:\Users\1\Desktop\2021.1\Sistemas
#        Microcontrolados\TM4C1294_SM_IAR9\Projects\Projeto\Debug\List\Projeto.map
#    Command line =
#        -f "C:\Users\1\Desktop\2021.1\Sistemas
#        Microcontrolados\TM4C1294_SM_IAR9\Projects\Projeto\Debug\Exe\Projeto.out.rsp"
#        ("C:\Users\1\Desktop\2021.1\Sistemas
#        Microcontrolados\TM4C1294_SM_IAR9\Projects\Projeto\Debug\Obj\asm.o"
#        "C:\Users\1\Desktop\2021.1\Sistemas
#        Microcontrolados\TM4C1294_SM_IAR9\Projects\Projeto\Debug\Obj\main.o"
#        "C:\Users\1\Desktop\2021.1\Sistemas
#        Microcontrolados\TM4C1294_SM_IAR9\Projects\Projeto\Debug\Obj\startup_TM4C1294.o"
#        --no_out_extension -o "C:\Users\1\Desktop\2021.1\Sistemas
#        Microcontrolados\TM4C1294_SM_IAR9\Projects\Projeto\Debug\Exe\Projeto.out"
#        --redirect _Printf=_PrintfFullNoMb --redirect _Scanf=_ScanfFullNoMb
#        --map "C:\Users\1\Desktop\2021.1\Sistemas
#        Microcontrolados\TM4C1294_SM_IAR9\Projects\Projeto\Debug\List\Projeto.map"
#        --config "C:\Program Files\IAR Systems\Embedded Workbench
#        9.0\arm\config\linker\TexasInstruments\TM4C1294NC.icf" --semihosting
#        --entry __iar_program_start --vfe --text_out locale)
#
###############################################################################

*******************************************************************************
*** RUNTIME MODEL ATTRIBUTES
***

__SystemLibrary = DLib
__dlib_version  = 6


*******************************************************************************
*** HEAP SELECTION
***

The basic heap was selected because some modules are built with
size limitations (and not runtime checking), and --advanced_heap
was not specified.


*******************************************************************************
*** PLACEMENT SUMMARY
***

"A0":  place at address 0x0 { ro section .intvec };
"P1":  place in [from 0x0 to 0xf'ffff] { ro };
define block CSTACK with size = 32K, alignment = 8 { };
define block HEAP with size = 64K, alignment = 8 { };
"P2":  place in [from 0x2000'0000 to 0x2003'ffff] {
          rw, block CSTACK, block HEAP };

No sections matched the following patterns:

  rw  in "P2"


  Section   Kind         Address    Size  Object
  -------   ----         -------    ----  ------
"A0":                              0x3c0
  .intvec   ro code          0x0   0x3c0  startup_TM4C1294.o [1]
                         - 0x3c0   0x3c0

"P1":                              0x4f6
  .text     ro code        0x3c0   0x2ac  asm.o [1]
  .text     ro code        0x66c   0x206  main.o [1]
  .text     ro code        0x874    0x22  fpinit_M.o [2]
  .rodata   const          0x898    0x1c  asm.o [1]
  .text     ro code        0x8b4     0x2  startup_TM4C1294.o [1]
                         - 0x8b6   0x4f6

"P2":                             0x8000
  CSTACK             0x2000'0000  0x8000  <Block>
    CSTACK  uninit   0x2000'0000  0x8000  <Block tail>
                   - 0x2000'8000  0x8000

Unused ranges:

         From           To      Size
         ----           --      ----
        0x8b6     0xf'ffff  0xf'f74a
  0x2000'8000  0x2003'ffff  0x3'8000



*******************************************************************************
*** MODULE SUMMARY
***

    Module              ro code  ro data  rw data
    ------              -------  -------  -------
command line/config:
    ---------------------------------------------
    Total:

C:\Users\1\Desktop\2021.1\Sistemas Microcontrolados\TM4C1294_SM_IAR9\Projects\Projeto\Debug\Obj: [1]
    asm.o                   684       28
    main.o                  518
    startup_TM4C1294.o      962
    ---------------------------------------------
    Total:                2'164       28

m7M_tls.a: [2]
    fpinit_M.o               34
    ---------------------------------------------
    Total:                   34

    Gaps                      2        2
    Linker created                         32'768
-------------------------------------------------
    Grand Total:          2'200       30   32'768


*******************************************************************************
*** ENTRY LIST
***

Entry                     Address   Size  Type      Object
-----                     -------   ----  ----      ------
A_R8                        0x679    0x8  Code  Gb  main.o [1]
Armazena                    0x45f         Code  Gb  asm.o [1]
Armazena2                   0x463         Code  Gb  asm.o [1]
Armazena_2elemento          0x689    0x8  Code  Gb  main.o [1]
Armazena_elemento           0x681    0x8  Code  Gb  main.o [1]
Armazena_op                 0x691    0x8  Code  Gb  main.o [1]
Armazena_operador           0x467         Code  Gb  asm.o [1]
CSTACK$$Base          0x2000'0000          --   Gb  - Linker created -
CSTACK$$Limit         0x2000'8000          --   Gb  - Linker created -
Comparacao                  0x699  0x17a  Code  Gb  main.o [1]
MUDA_R8                     0x437         Code  Gb  asm.o [1]
Retorna_R10                 0x447         Code  Gb  asm.o [1]
Retorna_R11                 0x44f         Code  Gb  asm.o [1]
Retorna_R12                 0x453         Code  Gb  asm.o [1]
Retorna_R6                  0x457         Code  Gb  asm.o [1]
Retorna_R7                  0x45b         Code  Gb  asm.o [1]
Retorna_R9                  0x43f         Code  Gb  asm.o [1]
SETA_R10                    0x443         Code  Gb  asm.o [1]
SETA_R11                    0x44b         Code  Gb  asm.o [1]
SETA_R9                     0x43b         Code  Gb  asm.o [1]
__Vectors                     0x0          --   Gb  startup_TM4C1294.o [1]
__Vectors_End               0x3c0         Data  Gb  startup_TM4C1294.o [1]
__Vectors_Size {Abs}        0x3c0          --   Gb  startup_TM4C1294.o [1]
__iar_init_vfp              0x875         Code  Gb  fpinit_M.o [2]
__iar_program_start         0x3c1         Code  Gb  asm.o [1]
__vector_table                0x0         Data  Gb  startup_TM4C1294.o [1]
__vector_table_0x1c          0x1c         Data  Gb  startup_TM4C1294.o [1]
calcula                     0x819   0x5a  Code  Gb  main.o [1]
caractere_errado            0x66d    0xc  Code  Gb  main.o [1]
pop_R0_R1                   0x42d         Code  Gb  asm.o [1]
wrx                         0x3f1         Code  Gb  asm.o [1]


[1] = C:\Users\1\Desktop\2021.1\Sistemas Microcontrolados\TM4C1294_SM_IAR9\Projects\Projeto\Debug\Obj
[2] = m7M_tls.a

   2'200 bytes of readonly  code memory
      30 bytes of readonly  data memory
  32'768 bytes of readwrite data memory

Errors: none
Warnings: none
